0 verbose cli /usr/local/bin/node /usr/local/bin/npm
1 info using npm@11.17.0
2 info using node@v22.23.0
3 silly config load:file:/usr/local/lib/node_modules/npm/npmrc
4 silly config load:file:/home/container/.npmrc
5 silly config load:file:/usr/local/etc/npmrc
6 verbose title npm install
7 verbose argv "install"
8 verbose logfile logs-max:10 dir:/home/container/.npm/_logs/2026-09-04T09_05_30_773Z-
9 verbose logfile /home/container/.npm/_logs/2026-09-04T09_05_30_773Z-debug-0.log
10 silly logfile done cleaning log files
11 silly packumentCache heap:4345298944 maxSize:1086324736 maxEntrySize:543162368
12 silly idealTree buildDeps
13 silly reify moves {}
14 silly audit bulk request {
14 silly audit   '@adiwajshing/keyed-db': [ '0.2.4' ],
14 silly audit   '@borewit/text-codec': [ '0.2.2' ],
14 silly audit   '@cacheable/memory': [ '2.2.0' ],
14 silly audit   '@cacheable/node-cache': [ '1.7.6' ],
14 silly audit   '@cacheable/utils': [ '2.5.0' ],
14 silly audit   '@emnapi/runtime': [ '1.11.3' ],
14 silly audit   '@hapi/boom': [ '10.0.1', '9.1.4' ],
14 silly audit   '@hapi/hoek': [ '11.0.7', '9.3.0' ],
14 silly audit   '@img/colour': [ '1.1.0' ],
14 silly audit   '@img/sharp-darwin-arm64': [ '0.35.4' ],
14 silly audit   '@img/sharp-darwin-x64': [ '0.35.4' ],
14 silly audit   '@img/sharp-freebsd-wasm32': [ '0.35.4' ],
14 silly audit   '@img/sharp-libvips-darwin-arm64': [ '1.3.3' ],
14 silly audit   '@img/sharp-libvips-darwin-x64': [ '1.3.3' ],
14 silly audit   '@img/sharp-libvips-linux-arm': [ '1.3.3' ],
14 silly audit   '@img/sharp-libvips-linux-arm64': [ '1.3.3' ],
14 silly audit   '@img/sharp-libvips-linux-ppc64': [ '1.3.3' ],
14 silly audit   '@img/sharp-libvips-linux-riscv64': [ '1.3.3' ],
14 silly audit   '@img/sharp-libvips-linux-s390x': [ '1.3.3' ],
14 silly audit   '@img/sharp-libvips-linux-x64': [ '1.3.3' ],
14 silly audit   '@img/sharp-libvips-linuxmusl-arm64': [ '1.3.3' ],
14 silly audit   '@img/sharp-libvips-linuxmusl-x64': [ '1.3.3' ],
14 silly audit   '@img/sharp-linux-arm': [ '0.35.4' ],
14 silly audit   '@img/sharp-linux-arm64': [ '0.35.4' ],
14 silly audit   '@img/sharp-linux-ppc64': [ '0.35.4' ],
14 silly audit   '@img/sharp-linux-riscv64': [ '0.35.4' ],
14 silly audit   '@img/sharp-linux-s390x': [ '0.35.4' ],
14 silly audit   '@img/sharp-linux-x64': [ '0.35.4' ],
14 silly audit   '@img/sharp-linuxmusl-arm64': [ '0.35.4' ],
14 silly audit   '@img/sharp-linuxmusl-x64': [ '0.35.4' ],
14 silly audit   '@img/sharp-wasm32': [ '0.35.4' ],
14 silly audit   '@img/sharp-webcontainers-wasm32': [ '0.35.4' ],
14 silly audit   '@img/sharp-win32-arm64': [ '0.35.4' ],
14 silly audit   '@img/sharp-win32-ia32': [ '0.35.4' ],
14 silly audit   '@img/sharp-win32-x64': [ '0.35.4' ],
14 silly audit   '@jsep-plugin/assignment': [ '1.3.0' ],
14 silly audit   '@jsep-plugin/regex': [ '1.0.4' ],
14 silly audit   '@keyv/bigmap': [ '1.3.1' ],
14 silly audit   '@keyv/serialize': [ '1.1.1' ],
14 silly audit   '@kwsites/file-exists': [ '1.1.1' ],
14 silly audit   '@kwsites/promise-deferred': [ '1.1.1' ],
14 silly audit   '@octokit/auth-token': [ '6.0.0' ],
14 silly audit   '@octokit/core': [ '7.0.8' ],
14 silly audit   '@octokit/endpoint': [ '11.0.5' ],
14 silly audit   '@octokit/graphql': [ '9.0.5' ],
14 silly audit   '@octokit/openapi-types': [ '29.0.1', '27.0.0' ],
14 silly audit   '@octokit/plugin-paginate-rest': [ '14.0.0' ],
14 silly audit   '@octokit/types': [ '16.0.0', '18.0.0' ],
14 silly audit   '@octokit/plugin-request-log': [ '6.0.0' ],
14 silly audit   '@octokit/plugin-rest-endpoint-methods': [ '17.0.0' ],
14 silly audit   '@octokit/request': [ '10.0.16' ],
14 silly audit   '@octokit/request-error': [ '7.1.2' ],
14 silly audit   'content-type': [ '3.0.0', '2.1.0' ],
14 silly audit   '@octokit/rest': [ '22.0.1' ],
14 silly audit   '@pinojs/redact': [ '0.4.0' ],
14 silly audit   '@protobufjs/aspromise': [ '1.1.2' ],
14 silly audit   '@protobufjs/base64': [ '1.1.2' ],
14 silly audit   '@protobufjs/codegen': [ '2.0.5' ],
14 silly audit   '@protobufjs/eventemitter': [ '1.1.1' ],
14 silly audit   '@protobufjs/fetch': [ '1.1.1' ],
14 silly audit   '@protobufjs/float': [ '1.0.2' ],
14 silly audit   '@protobufjs/path': [ '1.1.2' ],
14 silly audit   '@protobufjs/pool': [ '1.1.0' ],
14 silly audit   '@protobufjs/utf8': [ '1.1.2' ],
14 silly audit   '@simple-git/args-pathspec': [ '1.0.3' ],
14 silly audit   '@simple-git/argv-parser': [ '1.1.1' ],
14 silly audit   '@tokenizer/inflate': [ '0.4.1' ],
14 silly audit   '@tokenizer/token': [ '0.3.0' ],
14 silly audit   '@types/node': [ '26.4.1' ],
14 silly audit   'abort-controller': [ '3.0.0' ],
14 silly audit   'agent-base': [ '6.0.2' ],
14 silly audit   'ansi-regex': [ '3.0.1' ],
14 silly audit   'ansi-styles': [ '4.3.0' ],
14 silly audit   async: [ '0.2.10' ],
14 silly audit   'async-mutex': [ '0.5.0' ],
14 silly audit   'async.parallellimit': [ '0.5.2' ],
14 silly audit   'async.util.eachoflimit': [ '0.5.2' ],
14 silly audit   'async.util.isarray': [ '0.5.2' ],
14 silly audit   'async.util.isarraylike': [ '0.5.2' ],
14 silly audit   'async.util.keyiterator': [ '0.5.2' ],
14 silly audit   'async.util.keys': [ '0.5.2' ],
14 silly audit   'async.util.noop': [ '0.5.2' ],
14 silly audit   'async.util.once': [ '0.5.2' ],
14 silly audit   'async.util.onlyonce': [ '0.5.2' ],
14 silly audit   'async.util.parallel': [ '0.5.2' ],
14 silly audit   'async.util.restparam': [ '0.5.2' ],
14 silly audit   asynckit: [ '0.4.0' ],
14 silly audit   'atomic-sleep': [ '1.0.0' ],
14 silly audit   axios: [ '1.20.0', '0.21.4' ],
14 silly audit   WaSocket: [ '7.0.0-rc14' ],
14 silly audit   'balanced-match': [ '1.0.2' ],
14 silly audit   'base64-js': [ '1.5.1' ],
14 silly audit   'before-after-hook': [ '4.0.0' ],
14 silly audit   bl: [ '4.1.0' ],
14 silly audit   buffer: [ '5.7.1', '6.0.3' ],
14 silly audit   'readable-stream': [ '3.6.2', '4.7.0' ],
14 silly audit   boolbase: [ '1.0.0' ],
14 silly audit   boolstring: [ '2.0.1' ],
14 silly audit   'brace-expansion': [ '1.1.18' ],
14 silly audit   cacheable: [ '2.5.0' ],
14 silly audit   'call-bind-apply-helpers': [ '1.0.2' ],
14 silly audit   chalk: [ '4.1.2' ],
14 silly audit   cheerio: [ '1.2.0' ],
14 silly audit   'cheerio-select': [ '2.1.0' ],
14 silly audit   chownr: [ '1.1.4' ],
14 silly audit   clone: [ '2.1.2' ],
14 silly audit   color: [ '4.2.3' ],
14 silly audit   'color-convert': [ '2.0.1' ],
14 silly audit   'color-name': [ '1.1.4' ],
14 silly audit   'color-string': [ '1.9.1' ],
14 silly audit   'combined-stream': [ '1.0.8' ],
14 silly audit   'concat-map': [ '0.0.1' ],
14 silly audit   'css-select': [ '5.2.2' ],
14 silly audit   'css-what': [ '6.2.2' ],
14 silly audit   'curve25519-js': [ '0.0.4' ],
14 silly audit   dasu: [ '0.4.3' ],
14 silly audit   debug: [ '4.4.3' ],
14 silly audit   'decompress-response': [ '6.0.0' ],
14 silly audit   'deep-extend': [ '0.6.0' ],
14 silly audit   'delayed-stream': [ '1.0.0' ],
14 silly audit   'detect-libc': [ '2.1.2' ],
14 silly audit   'dom-serializer': [ '2.0.0' ],
14 silly audit   domelementtype: [ '2.3.0' ],
14 silly audit   domhandler: [ '5.0.3' ],
14 silly audit   domutils: [ '3.2.2' ],
14 silly audit   'dunder-proto': [ '1.0.1' ],
14 silly audit   'encoding-sniffer': [ '0.2.1' ],
14 silly audit   'end-of-stream': [ '1.4.5' ],
14 silly audit   entities: [ '4.5.0', '7.0.1', '6.0.1' ],
14 silly audit   'es-define-property': [ '1.0.1' ],
14 silly audit   'es-errors': [ '1.3.0' ],
14 silly audit   'es-object-atoms': [ '1.1.2' ],
14 silly audit   'es-set-tostringtag': [ '2.1.0' ],
14 silly audit   'event-target-shim': [ '5.0.1' ],
14 silly audit   eventemitter3: [ '5.0.4' ],
14 silly audit   events: [ '3.3.0' ],
14 silly audit   'expand-template': [ '2.0.3' ],
14 silly audit   fflate: [ '0.8.3' ],
14 silly audit   'file-type': [ '21.3.4', '16.5.4' ],
14 silly audit   'fluent-ffmpeg': [ '2.1.3' ],
14 silly audit   'follow-redirects': [ '1.16.0' ],
14 silly audit   'form-data': [ '4.0.6' ],
14 silly audit   'fs-constants': [ '1.0.0' ],
14 silly audit   'fs-extra': [ '10.1.0' ],
14 silly audit   'function-bind': [ '1.1.2' ],
14 silly audit   'get-intrinsic': [ '1.3.0' ],
14 silly audit   'get-proto': [ '1.0.1' ],
14 silly audit   'github-from-package': [ '0.0.0' ],
14 silly audit   gopd: [ '1.2.0' ],
14 silly audit   'graceful-fs': [ '4.2.11' ],
14 silly audit   'has-flag': [ '4.0.0' ],
14 silly audit   'has-symbols': [ '1.1.0' ],
14 silly audit   'has-tostringtag': [ '1.0.2' ],
14 silly audit   hashery: [ '1.5.1' ],
14 silly audit   hasown: [ '2.0.4' ],
14 silly audit   hookified: [ '1.15.1', '2.2.0' ],
14 silly audit   htmlparser2: [ '10.1.0' ],
14 silly audit   'https-proxy-agent': [ '5.0.1' ],
14 silly audit   'human-time': [ '0.0.2' ],
14 silly audit   'iconv-lite': [ '0.6.3' ],
14 silly audit   ieee754: [ '1.2.1' ],
14 silly audit   'image-size': [ '1.2.1' ],
14 silly audit   inherits: [ '2.0.4' ],
14 silly audit   ini: [ '1.3.8' ],
14 silly audit   'is-arrayish': [ '0.3.4' ],
14 silly audit   'is-fullwidth-code-point': [ '2.0.0' ],
14 silly audit   isexe: [ '2.0.0' ],
14 silly audit   jsep: [ '1.4.0' ],
14 silly audit   'json-with-bigint': [ '3.5.12' ],
14 silly audit   jsonfile: [ '6.2.1' ],
14 silly audit   'jsonpath-plus': [ '10.3.0' ],
14 silly audit   keypress: [ '0.2.1' ],
14 silly audit   keyv: [ '5.6.0' ],
14 silly audit   libsignal: [ '6.0.0' ],
14 silly audit   long: [ '5.3.2' ],
14 silly audit   'lru-cache': [ '11.5.2' ],
14 silly audit   'math-intrinsics': [ '1.1.0' ],
14 silly audit   'media-typer': [ '2.0.0' ],
14 silly audit   'mime-db': [ '1.52.0' ],
14 silly audit   'mime-types': [ '2.1.35' ],
14 silly audit   'mimic-fn': [ '2.1.0' ],
14 silly audit   'mimic-response': [ '3.1.0' ],
14 silly audit   minimatch: [ '3.0.8' ],
14 silly audit   minimist: [ '1.2.8' ],
14 silly audit   'mkdirp-classic': [ '0.5.3' ],
14 silly audit   ms: [ '2.1.3' ],
14 silly audit   'music-metadata': [ '11.15.0' ],
14 silly audit   'napi-build-utils': [ '2.0.0' ],
14 silly audit   'node-abi': [ '3.96.0' ],
14 silly audit   'node-addon-api': [ '5.1.0' ],
14 silly audit   'node-cache': [ '5.1.2' ],
14 silly audit   'node-fzf': [ '0.14.0' ],
14 silly audit   'node-webpmux': [ '3.2.1' ],
14 silly audit   'nth-check': [ '2.1.1' ],
14 silly audit   'on-exit-leak-free': [ '2.1.2' ],
14 silly audit   once: [ '1.4.0' ],
14 silly audit   onetime: [ '5.1.2' ],
14 silly audit   'p-queue': [ '9.3.3' ],
14 silly audit   'p-timeout': [ '7.0.1' ],
14 silly audit   parse5: [ '7.3.0' ],
14 silly audit   'parse5-htmlparser2-tree-adapter': [ '7.1.0' ],
14 silly audit   'parse5-parser-stream': [ '7.1.2' ],
14 silly audit   'peek-readable': [ '4.1.0' ],
14 silly audit   picocolors: [ '1.1.1' ],
14 silly audit   pino: [ '9.14.0' ],
14 silly audit   'pino-abstract-transport': [ '2.0.0' ],
14 silly audit   'pino-std-serializers': [ '7.1.0' ],
14 silly audit   'prebuild-install': [ '7.1.3' ],
14 silly audit   process: [ '0.11.10' ],
14 silly audit   'process-warning': [ '5.1.0' ],
14 silly audit   protobufjs: [ '7.6.6' ],
14 silly audit   'proxy-from-env': [ '2.1.0' ],
14 silly audit   pump: [ '3.0.4' ],
14 silly audit   qified: [ '0.10.1' ],
14 silly audit   'qrcode-terminal': [ '0.12.0' ],
14 silly audit   queue: [ '6.0.2' ],
14 silly audit   'quick-format-unescaped': [ '4.0.4' ],
14 silly audit   rc: [ '1.2.8' ],
14 silly audit   'readable-web-to-node-stream': [ '3.0.4' ],
14 silly audit   'real-require': [ '0.2.0' ],
14 silly audit   redstar: [ '0.0.2' ],
14 silly audit   'restore-cursor': [ '3.1.0' ],
14 silly audit   'safe-buffer': [ '5.2.1' ],
14 silly audit   'safe-stable-stringify': [ '2.5.0' ],
14 silly audit   'safer-buffer': [ '2.1.2' ],
14 silly audit   semver: [ '7.8.5' ],
14 silly audit   sharp: [ '0.35.4', '0.30.7' ],
14 silly audit   'signal-exit': [ '3.0.7' ],
14 silly audit   'simple-concat': [ '1.0.1' ],
14 silly audit   'simple-get': [ '4.0.1' ],
14 silly audit   'simple-git': [ '3.36.0' ],
14 silly audit   'simple-swizzle': [ '0.2.4' ],
14 silly audit   'sonic-boom': [ '4.2.1' ],
14 silly audit   split2: [ '4.2.0' ],
14 silly audit   string_decoder: [ '1.3.0' ],
14 silly audit   'string-width': [ '2.1.1' ],
14 silly audit   'strip-ansi': [ '4.0.0' ],
14 silly audit   'strip-json-comments': [ '2.0.1' ],
14 silly audit   strtok3: [ '10.3.5', '6.3.0' ],
14 silly audit   'supports-color': [ '7.2.0' ],
14 silly audit   'tar-fs': [ '2.1.5' ],
14 silly audit   'tar-stream': [ '2.2.0' ],
14 silly audit   'thread-stream': [ '3.2.0' ],
14 silly audit   'token-types': [ '6.1.2', '4.2.1' ],
14 silly audit   tslib: [ '2.8.1' ],
14 silly audit   ttys: [ '0.0.3' ],
14 silly audit   'tunnel-agent': [ '0.6.0' ],
14 silly audit   'uint8array-extras': [ '1.5.0' ],
14 silly audit   undici: [ '7.29.0' ],
14 silly audit   'undici-types': [ '8.3.0' ],
14 silly audit   'universal-user-agent': [ '7.0.3' ],
14 silly audit   universalify: [ '2.0.1' ],
14 silly audit   'util-deprecate': [ '1.0.2' ],
14 silly audit   'wa-sticker-formatter': [ '4.4.4' ],
14 silly audit   'whatsapp-rust-bridge': [ '0.5.4' ],
14 silly audit   'whatwg-encoding': [ '3.1.1' ],
14 silly audit   'whatwg-mimetype': [ '4.0.0' ],
14 silly audit   which: [ '1.3.1' ],
14 silly audit   'win-guid': [ '0.2.1' ],
14 silly audit   wrappy: [ '1.0.2' ],
14 silly audit   ws: [ '8.21.3' ],
14 silly audit   'yt-search': [ '2.13.1' ]
14 silly audit }
15 http fetch POST 503 https://registry.npmjs.org/-/npm/v1/security/advisories/bulk 10360ms
16 verbose audit error HttpErrorGeneral: 503 Service Unavailable - POST https://registry.npmjs.org/-/npm/v1/security/advisories/bulk - Service Unavailable
16 verbose audit error     at /usr/local/lib/node_modules/npm/node_modules/npm-registry-fetch/lib/check-response.js:103:15
16 verbose audit error     at process.processTicksAndRejections (node:internal/process/task_queues:103:5)
16 verbose audit error     at async #getReport (/usr/local/lib/node_modules/npm/node_modules/@npmcli/arborist/lib/audit-report.js:275:19)
16 verbose audit error     at async AuditReport.run (/usr/local/lib/node_modules/npm/node_modules/@npmcli/arborist/lib/audit-report.js:100:19)
16 verbose audit error     at async Arborist.reify (/usr/local/lib/node_modules/npm/node_modules/@npmcli/arborist/lib/arborist/reify.js:266:24)
16 verbose audit error     at async Install.exec (/usr/local/lib/node_modules/npm/lib/commands/install.js:158:5)
16 verbose audit error     at async Npm.exec (/usr/local/lib/node_modules/npm/lib/npm.js:193:9)
16 verbose audit error     at async module.exports (/usr/local/lib/node_modules/npm/lib/cli/entry.js:67:5) {
16 verbose audit error   headers: [Object: null prototype] {
16 verbose audit error     date: [ 'Fri, 04 Sep 2026 09:05:41 GMT' ],
16 verbose audit error     'content-type': [ 'application/json' ],
16 verbose audit error     'content-length': [ '31' ],
16 verbose audit error     connection: [ 'keep-alive' ],
16 verbose audit error     'set-cookie': [
16 verbose audit error       '__cf_bm=8IE9iEdLAuh7vQ3yy.d7zf8XFp1Yec8iY4Inst6BqrE-1788512731.375715-1.0.1.1-XJ6BgTlYNz6Nr3hhPHH1eD_iKITlcqlbXAGYaVhjZzJ.ilntliWWA_4.ubBHnvLaZwA4lbqg9NRTcfa60tgYFAZOj_bLAaXgGpGY5VEJvYttUPoTb8oI88Jv0wn6sxc6; HttpOnly; SameSite=None; Secure; Path=/; Domain=npmjs.org; Expires=Fri, 04 Sep 2026 09:35:41 GMT'
16 verbose audit error     ],
16 verbose audit error     server: [ 'cloudflare' ],
16 verbose audit error     'cf-ray': [ 'a35bd53b1f226ef9-CDG' ],
16 verbose audit error     'x-fetch-attempts': [ '1' ]
16 verbose audit error   },
16 verbose audit error   statusCode: 503,
16 verbose audit error   code: 'E503',
16 verbose audit error   method: 'POST',
16 verbose audit error   uri: 'https://registry.npmjs.org/-/npm/v1/security/advisories/bulk',
16 verbose audit error   body: { error: 'Service Unavailable' },
16 verbose audit error   pkgid: undefined
16 verbose audit error }
17 silly audit error [object Object]
18 silly audit report null
19 warn allow-scripts 4 packages have install scripts not yet covered by allowScripts:
19 warn allow-scripts   baileys@7.0.0-rc14 (preinstall: node ./engine-requirements.js)
19 warn allow-scripts   protobufjs@7.6.6 (postinstall: node scripts/postinstall)
19 warn allow-scripts   sharp@0.30.7 (install: node-gyp rebuild)
19 warn allow-scripts   WaSocket@7.0.0-rc14 (preinstall: node ./engine-requirements.js)
19 warn allow-scripts
19 warn allow-scripts Run `npm approve-scripts --allow-scripts-pending` to review, or `npm approve-scripts <pkg>` to allow.
20 verbose cwd /home/container
21 verbose os Linux 5.15.0-186-generic
22 verbose node v22.23.0
23 verbose npm  v11.17.0
24 verbose exit 0
25 info ok
