0 verbose cli /usr/local/bin/node /usr/local/bin/npm
1 info using npm@11.17.0
2 info using node@v20.20.2
3 silly config load:file:/usr/local/lib/node_modules/npm/npmrc
4 silly config load:file:/home/container/.npmrc
5 silly config load:file:/usr/local/etc/npmrc
6 verbose title npm install
7 verbose argv "install"
8 verbose logfile logs-max:10 dir:/home/container/.npm/_logs/2026-09-04T03_24_57_527Z-
9 verbose logfile /home/container/.npm/_logs/2026-09-04T03_24_57_527Z-debug-0.log
10 silly logfile done cleaning log files
11 silly packumentCache heap:2197815296 maxSize:549453824 maxEntrySize:274726912
12 silly idealTree buildDeps
13 warn EBADENGINE Unsupported engine {
13 warn EBADENGINE   package: 'content-type@3.0.0',
13 warn EBADENGINE   required: { node: '>=22' },
13 warn EBADENGINE   current: { node: 'v20.20.2', npm: '11.17.0' }
13 warn EBADENGINE }
14 silly reify moves {}
15 silly audit bulk request {
15 silly audit   '@adiwajshing/keyed-db': [ '0.2.4' ],
15 silly audit   '@borewit/text-codec': [ '0.2.2' ],
15 silly audit   '@cacheable/memory': [ '2.2.0' ],
15 silly audit   '@cacheable/node-cache': [ '1.7.6' ],
15 silly audit   '@cacheable/utils': [ '2.5.0' ],
15 silly audit   '@emnapi/runtime': [ '1.11.3' ],
15 silly audit   '@hapi/boom': [ '10.0.1', '9.1.4' ],
15 silly audit   '@hapi/hoek': [ '11.0.7', '9.3.0' ],
15 silly audit   '@img/colour': [ '1.1.0' ],
15 silly audit   '@img/sharp-darwin-arm64': [ '0.35.4' ],
15 silly audit   '@img/sharp-darwin-x64': [ '0.35.4' ],
15 silly audit   '@img/sharp-freebsd-wasm32': [ '0.35.4' ],
15 silly audit   '@img/sharp-libvips-darwin-arm64': [ '1.3.3' ],
15 silly audit   '@img/sharp-libvips-darwin-x64': [ '1.3.3' ],
15 silly audit   '@img/sharp-libvips-linux-arm': [ '1.3.3' ],
15 silly audit   '@img/sharp-libvips-linux-arm64': [ '1.3.3' ],
15 silly audit   '@img/sharp-libvips-linux-ppc64': [ '1.3.3' ],
15 silly audit   '@img/sharp-libvips-linux-riscv64': [ '1.3.3' ],
15 silly audit   '@img/sharp-libvips-linux-s390x': [ '1.3.3' ],
15 silly audit   '@img/sharp-libvips-linux-x64': [ '1.3.3' ],
15 silly audit   '@img/sharp-libvips-linuxmusl-arm64': [ '1.3.3' ],
15 silly audit   '@img/sharp-libvips-linuxmusl-x64': [ '1.3.3' ],
15 silly audit   '@img/sharp-linux-arm': [ '0.35.4' ],
15 silly audit   '@img/sharp-linux-arm64': [ '0.35.4' ],
15 silly audit   '@img/sharp-linux-ppc64': [ '0.35.4' ],
15 silly audit   '@img/sharp-linux-riscv64': [ '0.35.4' ],
15 silly audit   '@img/sharp-linux-s390x': [ '0.35.4' ],
15 silly audit   '@img/sharp-linux-x64': [ '0.35.4' ],
15 silly audit   '@img/sharp-linuxmusl-arm64': [ '0.35.4' ],
15 silly audit   '@img/sharp-linuxmusl-x64': [ '0.35.4' ],
15 silly audit   '@img/sharp-wasm32': [ '0.35.4' ],
15 silly audit   '@img/sharp-webcontainers-wasm32': [ '0.35.4' ],
15 silly audit   '@img/sharp-win32-arm64': [ '0.35.4' ],
15 silly audit   '@img/sharp-win32-ia32': [ '0.35.4' ],
15 silly audit   '@img/sharp-win32-x64': [ '0.35.4' ],
15 silly audit   '@jsep-plugin/assignment': [ '1.3.0' ],
15 silly audit   '@jsep-plugin/regex': [ '1.0.4' ],
15 silly audit   '@keyv/bigmap': [ '1.3.1' ],
15 silly audit   '@keyv/serialize': [ '1.1.1' ],
15 silly audit   '@kwsites/file-exists': [ '1.1.1' ],
15 silly audit   '@kwsites/promise-deferred': [ '1.1.1' ],
15 silly audit   '@octokit/auth-token': [ '6.0.0' ],
15 silly audit   '@octokit/core': [ '7.0.8' ],
15 silly audit   '@octokit/endpoint': [ '11.0.5' ],
15 silly audit   '@octokit/graphql': [ '9.0.5' ],
15 silly audit   '@octokit/openapi-types': [ '29.0.1', '27.0.0' ],
15 silly audit   '@octokit/plugin-paginate-rest': [ '14.0.0' ],
15 silly audit   '@octokit/types': [ '16.0.0', '18.0.0' ],
15 silly audit   '@octokit/plugin-request-log': [ '6.0.0' ],
15 silly audit   '@octokit/plugin-rest-endpoint-methods': [ '17.0.0' ],
15 silly audit   '@octokit/request': [ '10.0.16' ],
15 silly audit   '@octokit/request-error': [ '7.1.2' ],
15 silly audit   'content-type': [ '3.0.0', '2.1.0' ],
15 silly audit   '@octokit/rest': [ '22.0.1' ],
15 silly audit   '@pinojs/redact': [ '0.4.0' ],
15 silly audit   '@protobufjs/aspromise': [ '1.1.2' ],
15 silly audit   '@protobufjs/base64': [ '1.1.2' ],
15 silly audit   '@protobufjs/codegen': [ '2.0.5' ],
15 silly audit   '@protobufjs/eventemitter': [ '1.1.1' ],
15 silly audit   '@protobufjs/fetch': [ '1.1.1' ],
15 silly audit   '@protobufjs/float': [ '1.0.2' ],
15 silly audit   '@protobufjs/path': [ '1.1.2' ],
15 silly audit   '@protobufjs/pool': [ '1.1.0' ],
15 silly audit   '@protobufjs/utf8': [ '1.1.2' ],
15 silly audit   '@simple-git/args-pathspec': [ '1.0.3' ],
15 silly audit   '@simple-git/argv-parser': [ '1.1.1' ],
15 silly audit   '@tokenizer/inflate': [ '0.4.1' ],
15 silly audit   '@tokenizer/token': [ '0.3.0' ],
15 silly audit   '@types/node': [ '26.4.1' ],
15 silly audit   'agent-base': [ '6.0.2' ],
15 silly audit   'ansi-regex': [ '3.0.1' ],
15 silly audit   'ansi-styles': [ '4.3.0' ],
15 silly audit   'async-mutex': [ '0.5.0' ],
15 silly audit   'async.parallellimit': [ '0.5.2' ],
15 silly audit   'async.util.eachoflimit': [ '0.5.2' ],
15 silly audit   'async.util.isarray': [ '0.5.2' ],
15 silly audit   'async.util.isarraylike': [ '0.5.2' ],
15 silly audit   'async.util.keyiterator': [ '0.5.2' ],
15 silly audit   'async.util.keys': [ '0.5.2' ],
15 silly audit   'async.util.noop': [ '0.5.2' ],
15 silly audit   'async.util.once': [ '0.5.2' ],
15 silly audit   'async.util.onlyonce': [ '0.5.2' ],
15 silly audit   'async.util.parallel': [ '0.5.2' ],
15 silly audit   'async.util.restparam': [ '0.5.2' ],
15 silly audit   asynckit: [ '0.4.0' ],
15 silly audit   'atomic-sleep': [ '1.0.0' ],
15 silly audit   axios: [ '1.20.0' ],
15 silly audit   WaSocket: [ '7.0.0-rc14' ],
15 silly audit   'balanced-match': [ '1.0.2' ],
15 silly audit   'before-after-hook': [ '4.0.0' ],
15 silly audit   boolbase: [ '1.0.0' ],
15 silly audit   boolstring: [ '2.0.1' ],
15 silly audit   'brace-expansion': [ '1.1.18' ],
15 silly audit   cacheable: [ '2.5.0' ],
15 silly audit   'call-bind-apply-helpers': [ '1.0.2' ],
15 silly audit   chalk: [ '4.1.2' ],
15 silly audit   cheerio: [ '1.2.0' ],
15 silly audit   'cheerio-select': [ '2.1.0' ],
15 silly audit   clone: [ '2.1.2' ],
15 silly audit   'color-convert': [ '2.0.1' ],
15 silly audit   'color-name': [ '1.1.4' ],
15 silly audit   'combined-stream': [ '1.0.8' ],
15 silly audit   'concat-map': [ '0.0.1' ],
15 silly audit   'css-select': [ '5.2.2' ],
15 silly audit   'css-what': [ '6.2.2' ],
15 silly audit   'curve25519-js': [ '0.0.4' ],
15 silly audit   dasu: [ '0.4.3' ],
15 silly audit   debug: [ '4.4.3' ],
15 silly audit   'delayed-stream': [ '1.0.0' ],
15 silly audit   'detect-libc': [ '2.1.2' ],
15 silly audit   'dom-serializer': [ '2.0.0' ],
15 silly audit   domelementtype: [ '2.3.0' ],
15 silly audit   domhandler: [ '5.0.3' ],
15 silly audit   domutils: [ '3.2.2' ],
15 silly audit   'dunder-proto': [ '1.0.1' ],
15 silly audit   'encoding-sniffer': [ '0.2.1' ],
15 silly audit   entities: [ '4.5.0', '7.0.1', '6.0.1' ],
15 silly audit   'es-define-property': [ '1.0.1' ],
15 silly audit   'es-errors': [ '1.3.0' ],
15 silly audit   'es-object-atoms': [ '1.1.2' ],
15 silly audit   'es-set-tostringtag': [ '2.1.0' ],
15 silly audit   eventemitter3: [ '5.0.4' ],
15 silly audit   fflate: [ '0.8.3' ],
15 silly audit   'file-type': [ '21.3.4' ],
15 silly audit   'follow-redirects': [ '1.16.0' ],
15 silly audit   'form-data': [ '4.0.6' ],
15 silly audit   'function-bind': [ '1.1.2' ],
15 silly audit   'get-intrinsic': [ '1.3.0' ],
15 silly audit   'get-proto': [ '1.0.1' ],
15 silly audit   gopd: [ '1.2.0' ],
15 silly audit   'has-flag': [ '4.0.0' ],
15 silly audit   'has-symbols': [ '1.1.0' ],
15 silly audit   'has-tostringtag': [ '1.0.2' ],
15 silly audit   hashery: [ '1.5.1' ],
15 silly audit   hasown: [ '2.0.4' ],
15 silly audit   hookified: [ '1.15.1', '2.2.0' ],
15 silly audit   htmlparser2: [ '10.1.0' ],
15 silly audit   'https-proxy-agent': [ '5.0.1' ],
15 silly audit   'human-time': [ '0.0.2' ],
15 silly audit   'iconv-lite': [ '0.6.3' ],
15 silly audit   ieee754: [ '1.2.1' ],
15 silly audit   'is-fullwidth-code-point': [ '2.0.0' ],
15 silly audit   jsep: [ '1.4.0' ],
15 silly audit   'json-with-bigint': [ '3.5.12' ],
15 silly audit   'jsonpath-plus': [ '10.3.0' ],
15 silly audit   keypress: [ '0.2.1' ],
15 silly audit   keyv: [ '5.6.0' ],
15 silly audit   libsignal: [ '6.0.0' ],
15 silly audit   long: [ '5.3.2' ],
15 silly audit   'lru-cache': [ '11.5.2' ],
15 silly audit   'math-intrinsics': [ '1.1.0' ],
15 silly audit   'media-typer': [ '2.0.0' ],
15 silly audit   'mime-db': [ '1.52.0' ],
15 silly audit   'mime-types': [ '2.1.35' ],
15 silly audit   'mimic-fn': [ '2.1.0' ],
15 silly audit   minimatch: [ '3.0.8' ],
15 silly audit   minimist: [ '1.2.8' ],
15 silly audit   ms: [ '2.1.3' ],
15 silly audit   'music-metadata': [ '11.15.0' ],
15 silly audit   'node-cache': [ '5.1.2' ],
15 silly audit   'node-fzf': [ '0.14.0' ],
15 silly audit   'nth-check': [ '2.1.1' ],
15 silly audit   'on-exit-leak-free': [ '2.1.2' ],
15 silly audit   onetime: [ '5.1.2' ],
15 silly audit   'p-queue': [ '9.3.3' ],
15 silly audit   'p-timeout': [ '7.0.1' ],
15 silly audit   parse5: [ '7.3.0' ],
15 silly audit   'parse5-htmlparser2-tree-adapter': [ '7.1.0' ],
15 silly audit   'parse5-parser-stream': [ '7.1.2' ],
15 silly audit   picocolors: [ '1.1.1' ],
15 silly audit   pino: [ '9.14.0' ],
15 silly audit   'pino-abstract-transport': [ '2.0.0' ],
15 silly audit   'pino-std-serializers': [ '7.1.0' ],
15 silly audit   'process-warning': [ '5.1.0' ],
15 silly audit   protobufjs: [ '7.6.6' ],
15 silly audit   'proxy-from-env': [ '2.1.0' ],
15 silly audit   qified: [ '0.10.1' ],
15 silly audit   'qrcode-terminal': [ '0.12.0' ],
15 silly audit   'quick-format-unescaped': [ '4.0.4' ],
15 silly audit   'real-require': [ '0.2.0' ],
15 silly audit   redstar: [ '0.0.2' ],
15 silly audit   'restore-cursor': [ '3.1.0' ],
15 silly audit   'safe-stable-stringify': [ '2.5.0' ],
15 silly audit   'safer-buffer': [ '2.1.2' ],
15 silly audit   semver: [ '7.8.5' ],
15 silly audit   sharp: [ '0.35.4' ],
15 silly audit   'signal-exit': [ '3.0.7' ],
15 silly audit   'simple-git': [ '3.36.0' ],
15 silly audit   'sonic-boom': [ '4.2.1' ],
15 silly audit   split2: [ '4.2.0' ],
15 silly audit   'string-width': [ '2.1.1' ],
15 silly audit   'strip-ansi': [ '4.0.0' ],
15 silly audit   strtok3: [ '10.3.5' ],
15 silly audit   'supports-color': [ '7.2.0' ],
15 silly audit   'thread-stream': [ '3.2.0' ],
15 silly audit   'token-types': [ '6.1.2' ],
15 silly audit   tslib: [ '2.8.1' ],
15 silly audit   ttys: [ '0.0.3' ],
15 silly audit   'uint8array-extras': [ '1.5.0' ],
15 silly audit   undici: [ '7.29.0' ],
15 silly audit   'undici-types': [ '8.3.0' ],
15 silly audit   'universal-user-agent': [ '7.0.3' ],
15 silly audit   'whatsapp-rust-bridge': [ '0.5.4' ],
15 silly audit   'whatwg-encoding': [ '3.1.1' ],
15 silly audit   'whatwg-mimetype': [ '4.0.0' ],
15 silly audit   'win-guid': [ '0.2.1' ],
15 silly audit   ws: [ '8.21.3' ],
15 silly audit   'yt-search': [ '2.13.1' ]
15 silly audit }
16 http fetch GET 200 https://registry.npmjs.org/npm 322ms
