0 verbose cli /usr/local/bin/node /usr/local/bin/npm
1 info using npm@11.17.0
2 info using node@v22.23.0
3 silly config load:file:/usr/local/lib/node_modules/npm/npmrc
4 silly config load:file:/home/container/.npmrc
5 silly config load:file:/usr/local/etc/npmrc
6 verbose title npm install
7 verbose argv "install"
8 verbose logfile logs-max:10 dir:/home/container/.npm/_logs/2026-09-04T20_04_40_078Z-
9 verbose logfile /home/container/.npm/_logs/2026-09-04T20_04_40_078Z-debug-0.log
10 silly logfile start cleaning logs, removing 1 files
11 silly logfile done cleaning log files
12 silly packumentCache heap:4345298944 maxSize:1086324736 maxEntrySize:543162368
13 silly idealTree buildDeps
14 silly reify moves {}
15 silly audit bulk request {
15 silly audit   '@adiwajshing/keyed-db': [ '0.2.4' ],
15 silly audit   '@borewit/text-codec': [ '0.2.2' ],
15 silly audit   '@cacheable/memory': [ '2.2.0' ],
15 silly audit   '@cacheable/node-cache': [ '1.7.6' ],
15 silly audit   '@cacheable/utils': [ '2.5.0' ],
15 silly audit   '@emnapi/runtime': [ '1.11.3' ],
15 silly audit   '@hapi/boom': [ '10.0.1', '9.1.4' ],
15 silly audit   '@hapi/hoek': [ '11.0.7', '9.3.0' ],
15 silly audit   '@img/colour': [ '1.1.0' ],
15 silly audit   '@img/sharp-darwin-arm64': [ '0.35.4' ],
15 silly audit   '@img/sharp-darwin-x64': [ '0.35.4' ],
15 silly audit   '@img/sharp-freebsd-wasm32': [ '0.35.4' ],
15 silly audit   '@img/sharp-libvips-darwin-arm64': [ '1.3.3' ],
15 silly audit   '@img/sharp-libvips-darwin-x64': [ '1.3.3' ],
15 silly audit   '@img/sharp-libvips-linux-arm': [ '1.3.3' ],
15 silly audit   '@img/sharp-libvips-linux-arm64': [ '1.3.3' ],
15 silly audit   '@img/sharp-libvips-linux-ppc64': [ '1.3.3' ],
15 silly audit   '@img/sharp-libvips-linux-riscv64': [ '1.3.3' ],
15 silly audit   '@img/sharp-libvips-linux-s390x': [ '1.3.3' ],
15 silly audit   '@img/sharp-libvips-linux-x64': [ '1.3.3' ],
15 silly audit   '@img/sharp-libvips-linuxmusl-arm64': [ '1.3.3' ],
15 silly audit   '@img/sharp-libvips-linuxmusl-x64': [ '1.3.3' ],
15 silly audit   '@img/sharp-linux-arm': [ '0.35.4' ],
15 silly audit   '@img/sharp-linux-arm64': [ '0.35.4' ],
15 silly audit   '@img/sharp-linux-ppc64': [ '0.35.4' ],
15 silly audit   '@img/sharp-linux-riscv64': [ '0.35.4' ],
15 silly audit   '@img/sharp-linux-s390x': [ '0.35.4' ],
15 silly audit   '@img/sharp-linux-x64': [ '0.35.4' ],
15 silly audit   '@img/sharp-linuxmusl-arm64': [ '0.35.4' ],
15 silly audit   '@img/sharp-linuxmusl-x64': [ '0.35.4' ],
15 silly audit   '@img/sharp-wasm32': [ '0.35.4' ],
15 silly audit   '@img/sharp-webcontainers-wasm32': [ '0.35.4' ],
15 silly audit   '@img/sharp-win32-arm64': [ '0.35.4' ],
15 silly audit   '@img/sharp-win32-ia32': [ '0.35.4' ],
15 silly audit   '@img/sharp-win32-x64': [ '0.35.4' ],
15 silly audit   '@jsep-plugin/assignment': [ '1.3.0' ],
15 silly audit   '@jsep-plugin/regex': [ '1.0.4' ],
15 silly audit   '@keyv/bigmap': [ '1.3.1' ],
15 silly audit   '@keyv/serialize': [ '1.1.1' ],
15 silly audit   '@kwsites/file-exists': [ '1.1.1' ],
15 silly audit   '@kwsites/promise-deferred': [ '1.1.1' ],
15 silly audit   '@napi-rs/canvas': [ '1.0.8' ],
15 silly audit   '@napi-rs/canvas-android-arm64': [ '1.0.8' ],
15 silly audit   '@napi-rs/canvas-darwin-arm64': [ '1.0.8' ],
15 silly audit   '@napi-rs/canvas-darwin-x64': [ '1.0.8' ],
15 silly audit   '@napi-rs/canvas-linux-arm-gnueabihf': [ '1.0.8' ],
15 silly audit   '@napi-rs/canvas-linux-arm64-gnu': [ '1.0.8' ],
15 silly audit   '@napi-rs/canvas-linux-arm64-musl': [ '1.0.8' ],
15 silly audit   '@napi-rs/canvas-linux-riscv64-gnu': [ '1.0.8' ],
15 silly audit   '@napi-rs/canvas-linux-x64-gnu': [ '1.0.8' ],
15 silly audit   '@napi-rs/canvas-linux-x64-musl': [ '1.0.8' ],
15 silly audit   '@napi-rs/canvas-win32-arm64-msvc': [ '1.0.8' ],
15 silly audit   '@napi-rs/canvas-win32-x64-msvc': [ '1.0.8' ],
15 silly audit   '@octokit/auth-token': [ '6.0.0' ],
15 silly audit   '@octokit/core': [ '7.0.8' ],
15 silly audit   '@octokit/endpoint': [ '11.0.5' ],
15 silly audit   '@octokit/graphql': [ '9.0.5' ],
15 silly audit   '@octokit/openapi-types': [ '29.0.1', '27.0.0' ],
15 silly audit   '@octokit/plugin-paginate-rest': [ '14.0.0' ],
15 silly audit   '@octokit/types': [ '16.0.0', '18.0.0' ],
15 silly audit   '@octokit/plugin-request-log': [ '6.0.0' ],
15 silly audit   '@octokit/plugin-rest-endpoint-methods': [ '17.0.0' ],
15 silly audit   '@octokit/request': [ '10.0.16' ],
15 silly audit   '@octokit/request-error': [ '7.1.2' ],
15 silly audit   'content-type': [ '3.0.0', '2.1.0' ],
15 silly audit   '@octokit/rest': [ '22.0.1' ],
15 silly audit   '@pinojs/redact': [ '0.4.0' ],
15 silly audit   '@protobufjs/aspromise': [ '1.1.2' ],
15 silly audit   '@protobufjs/base64': [ '1.1.2' ],
15 silly audit   '@protobufjs/codegen': [ '2.0.5' ],
15 silly audit   '@protobufjs/eventemitter': [ '1.1.1' ],
15 silly audit   '@protobufjs/fetch': [ '1.1.1' ],
15 silly audit   '@protobufjs/float': [ '1.0.2' ],
15 silly audit   '@protobufjs/path': [ '1.1.2' ],
15 silly audit   '@protobufjs/pool': [ '1.1.0' ],
15 silly audit   '@protobufjs/utf8': [ '1.1.2' ],
15 silly audit   '@simple-git/args-pathspec': [ '1.0.3' ],
15 silly audit   '@simple-git/argv-parser': [ '1.1.1' ],
15 silly audit   '@tokenizer/inflate': [ '0.4.1' ],
15 silly audit   '@tokenizer/token': [ '0.3.0' ],
15 silly audit   '@types/node': [ '26.4.1' ],
15 silly audit   '@types/tinycolor2': [ '1.4.6' ],
15 silly audit   'abort-controller': [ '3.0.0' ],
15 silly audit   'agent-base': [ '6.0.2', '9.0.0' ],
15 silly audit   'ansi-regex': [ '3.0.1' ],
15 silly audit   'ansi-styles': [ '4.3.0' ],
15 silly audit   async: [ '0.2.10' ],
15 silly audit   'async-mutex': [ '0.5.0' ],
15 silly audit   'async.parallellimit': [ '0.5.2' ],
15 silly audit   'async.util.eachoflimit': [ '0.5.2' ],
15 silly audit   'async.util.isarray': [ '0.5.2' ],
15 silly audit   'async.util.isarraylike': [ '0.5.2' ],
15 silly audit   'async.util.keyiterator': [ '0.5.2' ],
15 silly audit   'async.util.keys': [ '0.5.2' ],
15 silly audit   'async.util.noop': [ '0.5.2' ],
15 silly audit   'async.util.once': [ '0.5.2' ],
15 silly audit   'async.util.onlyonce': [ '0.5.2' ],
15 silly audit   'async.util.parallel': [ '0.5.2' ],
15 silly audit   'async.util.restparam': [ '0.5.2' ],
15 silly audit   asynckit: [ '0.4.0' ],
15 silly audit   'atomic-sleep': [ '1.0.0' ],
15 silly audit   axios: [ '1.20.0', '0.21.4' ],
15 silly audit   WaSocket: [ '7.0.0-rc14' ],
15 silly audit   'balanced-match': [ '1.0.2', '4.0.4' ],
15 silly audit   'base64-js': [ '1.5.1' ],
15 silly audit   'before-after-hook': [ '4.0.0' ],
15 silly audit   bl: [ '4.1.0' ],
15 silly audit   buffer: [ '5.7.1', '6.0.3' ],
15 silly audit   'readable-stream': [ '3.6.2', '4.7.0' ],
15 silly audit   boolbase: [ '1.0.0' ],
15 silly audit   boolstring: [ '2.0.1' ],
15 silly audit   'brace-expansion': [ '1.1.18', '5.0.7' ],
15 silly audit   cacheable: [ '2.5.0' ],
15 silly audit   'call-bind-apply-helpers': [ '1.0.2' ],
15 silly audit   canvas: [ '3.2.3' ],
15 silly audit   'node-addon-api': [ '7.1.1', '5.1.0' ],
15 silly audit   chalk: [ '4.1.2', '5.6.2' ],
15 silly audit   cheerio: [ '1.2.0' ],
15 silly audit   'cheerio-select': [ '2.1.0' ],
15 silly audit   chownr: [ '1.1.4', '3.0.0' ],
15 silly audit   clone: [ '2.1.2' ],
15 silly audit   color: [ '4.2.3' ],
15 silly audit   'color-convert': [ '2.0.1' ],
15 silly audit   'color-name': [ '1.1.4' ],
15 silly audit   'color-string': [ '1.9.1' ],
15 silly audit   'combined-stream': [ '1.0.8' ],
15 silly audit   'concat-map': [ '0.0.1' ],
15 silly audit   'css-select': [ '5.2.2' ],
15 silly audit   'css-what': [ '6.2.2' ],
15 silly audit   'curve25519-js': [ '0.0.4' ],
15 silly audit   dasu: [ '0.4.3' ],
15 silly audit   debug: [ '4.4.3' ],
15 silly audit   'decompress-response': [ '6.0.0' ],
15 silly audit   'deep-extend': [ '0.6.0' ],
15 silly audit   'delayed-stream': [ '1.0.0' ],
15 silly audit   'detect-libc': [ '2.1.2' ],
15 silly audit   'dom-serializer': [ '2.0.0' ],
15 silly audit   domelementtype: [ '2.3.0' ],
15 silly audit   domhandler: [ '5.0.3' ],
15 silly audit   domutils: [ '3.2.2' ],
15 silly audit   'dunder-proto': [ '1.0.1' ],
15 silly audit   'encoding-sniffer': [ '0.2.1' ],
15 silly audit   'end-of-stream': [ '1.4.5' ],
15 silly audit   entities: [ '4.5.0', '7.0.1', '6.0.1' ],
15 silly audit   'es-define-property': [ '1.0.1' ],
15 silly audit   'es-errors': [ '1.3.0' ],
15 silly audit   'es-object-atoms': [ '1.1.2' ],
15 silly audit   'es-set-tostringtag': [ '2.1.0' ],
15 silly audit   'event-target-shim': [ '5.0.1' ],
15 silly audit   eventemitter3: [ '5.0.4' ],
15 silly audit   events: [ '3.3.0' ],
15 silly audit   'expand-template': [ '2.0.3' ],
15 silly audit   fflate: [ '0.8.3' ],
15 silly audit   'file-type': [ '21.3.4', '16.5.4' ],
15 silly audit   'fluent-ffmpeg': [ '2.1.3' ],
15 silly audit   'follow-redirects': [ '1.16.0' ],
15 silly audit   'form-data': [ '4.0.6' ],
15 silly audit   'fs-constants': [ '1.0.0' ],
15 silly audit   'fs-extra': [ '10.1.0' ],
15 silly audit   'function-bind': [ '1.1.2' ],
15 silly audit   'get-intrinsic': [ '1.3.0' ],
15 silly audit   'get-proto': [ '1.0.1' ],
15 silly audit   'github-from-package': [ '0.0.0' ],
15 silly audit   gopd: [ '1.2.0' ],
15 silly audit   'graceful-fs': [ '4.2.11' ],
15 silly audit   'gradient-string': [ '3.0.0' ],
15 silly audit   'has-flag': [ '4.0.0' ],
15 silly audit   'has-symbols': [ '1.1.0' ],
15 silly audit   'has-tostringtag': [ '1.0.2' ],
15 silly audit   hashery: [ '1.5.1' ],
15 silly audit   hasown: [ '2.0.4' ],
15 silly audit   hookified: [ '1.15.1', '2.2.0' ],
15 silly audit   htmlparser2: [ '10.1.0' ],
15 silly audit   'https-proxy-agent': [ '5.0.1', '9.1.0' ],
15 silly audit   'human-time': [ '0.0.2' ],
15 silly audit   i: [ '0.3.7' ],
15 silly audit   'iconv-lite': [ '0.6.3', '0.7.3' ],
15 silly audit   ieee754: [ '1.2.1' ],
15 silly audit   'image-size': [ '1.2.1' ],
15 silly audit   inherits: [ '2.0.4' ],
15 silly audit   ini: [ '1.3.8', '7.0.0' ],
15 silly audit   'is-arrayish': [ '0.3.4' ],
15 silly audit   'is-fullwidth-code-point': [ '2.0.0' ],
15 silly audit   isexe: [ '2.0.0', '4.0.0' ],
15 silly audit   jsep: [ '1.4.0' ],
15 silly audit   'json-with-bigint': [ '3.5.12' ],
15 silly audit   jsonfile: [ '6.2.1' ],
15 silly audit   'jsonpath-plus': [ '10.3.0' ],
15 silly audit   keypress: [ '0.2.1' ],
15 silly audit   keyv: [ '5.6.0' ],
15 silly audit   libsignal: [ '6.0.0' ],
15 silly audit   long: [ '5.3.2' ],
15 silly audit   'lru-cache': [ '11.5.2' ],
15 silly audit   'math-intrinsics': [ '1.1.0' ],
15 silly audit   'media-typer': [ '2.0.0' ],
15 silly audit   'mime-db': [ '1.52.0' ],
15 silly audit   'mime-types': [ '2.1.35' ],
15 silly audit   'mimic-fn': [ '2.1.0' ],
15 silly audit   'mimic-response': [ '3.1.0' ],
15 silly audit   minimatch: [ '3.0.8', '10.2.5' ],
15 silly audit   minimist: [ '1.2.8' ],
15 silly audit   'mkdirp-classic': [ '0.5.3' ],
15 silly audit   moment: [ '2.30.1' ],
15 silly audit   ms: [ '2.1.3' ],
15 silly audit   'music-metadata': [ '11.15.0' ],
15 silly audit   'napi-build-utils': [ '2.0.0' ],
15 silly audit   'node-abi': [ '3.96.0' ],
15 silly audit   'node-cache': [ '5.1.2' ],
15 silly audit   'node-fzf': [ '0.14.0' ],
15 silly audit   'node-webpmux': [ '3.2.1' ],
15 silly audit   npm: [ '12.0.2' ],
15 silly audit   'npm-normalize-package-bin': [ '6.0.0' ],
15 silly audit   minipass: [ '7.1.3', '3.3.6' ],
15 silly audit   yallist: [ '4.0.0', '5.0.0' ],
15 silly audit   'qrcode-terminal': [ '0.12.0' ],
15 silly audit   'safer-buffer': [ '2.1.2' ],
15 silly audit   semver: [ '7.8.5' ],
15 silly audit   'signal-exit': [ '3.0.7', '4.1.0' ],
15 silly audit   'supports-color': [ '7.2.0', '10.2.2' ],
15 silly audit   undici: [ '7.29.0', '6.27.0' ],
15 silly audit   'util-deprecate': [ '1.0.2' ],
15 silly audit   which: [ '1.3.1', '7.0.0' ],
15 silly audit   'nth-check': [ '2.1.1' ],
15 silly audit   'on-exit-leak-free': [ '2.1.2' ],
15 silly audit   once: [ '1.4.0' ],
15 silly audit   onetime: [ '5.1.2' ],
15 silly audit   'p-queue': [ '9.3.3' ],
15 silly audit   'p-timeout': [ '7.0.1' ],
15 silly audit   parse5: [ '7.3.0' ],
15 silly audit   'parse5-htmlparser2-tree-adapter': [ '7.1.0' ],
15 silly audit   'parse5-parser-stream': [ '7.1.2' ],
15 silly audit   'peek-readable': [ '4.1.0' ],
15 silly audit   picocolors: [ '1.1.1' ],
15 silly audit   pino: [ '9.14.0' ],
15 silly audit   'pino-abstract-transport': [ '2.0.0' ],
15 silly audit   'pino-std-serializers': [ '7.1.0' ],
15 silly audit   'prebuild-install': [ '7.1.3' ],
15 silly audit   process: [ '0.11.10' ],
15 silly audit   'process-warning': [ '5.1.0' ],
15 silly audit   protobufjs: [ '7.6.6' ],
15 silly audit   'proxy-from-env': [ '2.1.0' ],
15 silly audit   pump: [ '3.0.4' ],
15 silly audit   qified: [ '0.10.1' ],
15 silly audit   queue: [ '6.0.2' ],
15 silly audit   'quick-format-unescaped': [ '4.0.4' ],
15 silly audit   rc: [ '1.2.8' ],
15 silly audit   'readable-web-to-node-stream': [ '3.0.4' ],
15 silly audit   'real-require': [ '0.2.0' ],
15 silly audit   redstar: [ '0.0.2' ],
15 silly audit   'restore-cursor': [ '3.1.0' ],
15 silly audit   'safe-buffer': [ '5.2.1' ],
15 silly audit   'safe-stable-stringify': [ '2.5.0' ],
15 silly audit   sharp: [ '0.35.4', '0.30.7' ],
15 silly audit   'simple-concat': [ '1.0.1' ],
15 silly audit   'simple-get': [ '4.0.1' ],
15 silly audit   'simple-git': [ '3.36.0' ],
15 silly audit   'simple-swizzle': [ '0.2.4' ],
15 silly audit   'sonic-boom': [ '4.2.1' ],
15 silly audit   split2: [ '4.2.0' ],
15 silly audit   string_decoder: [ '1.3.0' ],
15 silly audit   'string-width': [ '2.1.1' ],
15 silly audit   'strip-ansi': [ '4.0.0' ],
15 silly audit   'strip-json-comments': [ '2.0.1' ],
15 silly audit   strtok3: [ '10.3.5', '6.3.0' ],
15 silly audit   'tar-fs': [ '2.1.5' ],
15 silly audit   'tar-stream': [ '2.2.0' ],
15 silly audit   'thread-stream': [ '3.2.0' ],
15 silly audit   tinycolor2: [ '1.6.0' ],
15 silly audit   tinygradient: [ '1.1.5' ],
15 silly audit   'token-types': [ '6.1.2', '4.2.1' ],
15 silly audit   tslib: [ '2.8.1' ],
15 silly audit   ttys: [ '0.0.3' ],
15 silly audit   'tunnel-agent': [ '0.6.0' ],
15 silly audit   'uint8array-extras': [ '1.5.0' ],
15 silly audit   'undici-types': [ '8.3.0' ],
15 silly audit   'universal-user-agent': [ '7.0.3' ],
15 silly audit   universalify: [ '2.0.1' ],
15 silly audit   'wa-sticker-formatter': [ '4.4.4' ],
15 silly audit   'whatsapp-rust-bridge': [ '0.5.4' ],
15 silly audit   'whatwg-encoding': [ '3.1.1' ],
15 silly audit   'whatwg-mimetype': [ '4.0.0' ],
15 silly audit   'win-guid': [ '0.2.1' ],
15 silly audit   wrappy: [ '1.0.2' ],
15 silly audit   ws: [ '8.21.3' ],
15 silly audit   'yt-search': [ '2.13.1' ],
15 silly audit   '@gar/promise-retry': [ '1.0.3' ],
15 silly audit   '@isaacs/fs-minipass': [ '4.0.1' ],
15 silly audit   '@isaacs/string-locale-compare': [ '1.1.0' ],
15 silly audit   '@npmcli/agent': [ '5.0.2' ],
15 silly audit   'http-proxy-agent': [ '9.1.0' ],
15 silly audit   '@npmcli/arborist': [ '10.0.2' ],
15 silly audit   '@npmcli/config': [ '11.0.1' ],
15 silly audit   '@npmcli/fs': [ '6.0.0' ],
15 silly audit   '@npmcli/git': [ '8.0.0' ],
15 silly audit   '@npmcli/installed-package-contents': [ '5.0.0' ],
15 silly audit   'npm-bundled': [ '6.0.0' ],
15 silly audit   '@npmcli/map-workspaces': [ '6.0.0' ],
15 silly audit   '@npmcli/metavuln-calculator': [ '10.0.0' ],
15 silly audit   '@npmcli/name-from-folder': [ '5.0.0' ],
15 silly audit   '@npmcli/node-gyp': [ '6.0.0' ],
15 silly audit   '@npmcli/package-json': [ '8.0.0' ],
15 silly audit   '@npmcli/promise-spawn': [ '10.0.0' ],
15 silly audit   '@npmcli/query': [ '5.0.0' ],
15 silly audit   '@npmcli/redact': [ '5.0.0' ],
15 silly audit   '@npmcli/run-script': [ '11.0.0' ],
15 silly audit   '@sigstore/bundle': [ '5.0.0' ],
15 silly audit   '@sigstore/core': [ '4.0.1' ],
15 silly audit   '@sigstore/protobuf-specs': [ '0.5.1' ],
15 silly audit   '@sigstore/sign': [ '5.0.0' ],
15 silly audit   '@sigstore/tuf': [ '5.0.0' ],
15 silly audit   '@sigstore/verify': [ '4.1.0' ],
15 silly audit   '@tufjs/canonical-json': [ '2.0.0' ],
15 silly audit   '@tufjs/models': [ '5.0.0' ],
15 silly audit   abbrev: [ '5.0.0' ],
15 silly audit   aproba: [ '2.1.0' ],
15 silly audit   archy: [ '1.0.0' ],
15 silly audit   'bin-links': [ '7.0.0' ],
15 silly audit   'cmd-shim': [ '9.0.2' ],
15 silly audit   'read-cmd-shim': [ '7.0.0' ],
15 silly audit   'binary-extensions': [ '3.1.0' ],
15 silly audit   cacache: [ '21.0.1' ],
15 silly audit   'ci-info': [ '4.4.0' ],
15 silly audit   'cidr-regex': [ '6.0.0' ],
15 silly audit   'common-ancestor-path': [ '2.0.0' ],
15 silly audit   cssesc: [ '3.0.0' ],
15 silly audit   diff: [ '8.0.4' ],
15 silly audit   'env-paths': [ '2.2.1' ],
15 silly audit   'exponential-backoff': [ '3.1.3' ],
15 silly audit   'fastest-levenshtein': [ '1.0.16' ],
15 silly audit   'fs-minipass': [ '3.0.3' ],
15 silly audit   glob: [ '13.0.6' ],
15 silly audit   'hosted-git-info': [ '10.1.1' ],
15 silly audit   'http-cache-semantics': [ '4.2.0' ],
15 silly audit   'init-package-json': [ '9.0.0' ],
15 silly audit   'ip-address': [ '10.2.0' ],
15 silly audit   'is-cidr': [ '7.0.0' ],
15 silly audit   'json-parse-even-better-errors': [ '6.0.0' ],
15 silly audit   'json-stringify-nice': [ '1.1.4' ],
15 silly audit   jsonparse: [ '1.3.1' ],
15 silly audit   'just-diff': [ '6.0.2' ],
15 silly audit   'just-diff-apply': [ '5.5.0' ],
15 silly audit   libnpmaccess: [ '11.0.0' ],
15 silly audit   libnpmdiff: [ '9.0.2' ],
15 silly audit   libnpmexec: [ '11.0.2' ],
15 silly audit   libnpmfund: [ '8.0.2' ],
15 silly audit   libnpmorg: [ '9.0.0' ],
15 silly audit   libnpmpack: [ '10.0.2' ],
15 silly audit   libnpmpublish: [ '12.0.0' ],
15 silly audit   libnpmsearch: [ '10.0.0' ],
15 silly audit   libnpmteam: [ '9.0.0' ],
15 silly audit   libnpmversion: [ '9.0.0' ],
15 silly audit   'make-fetch-happen': [ '16.0.1' ],
15 silly audit   'minipass-collect': [ '2.0.1' ],
15 silly audit   'minipass-fetch': [ '6.0.0' ],
15 silly audit   'minipass-flush': [ '1.0.6' ],
15 silly audit   'minipass-pipeline': [ '1.2.4' ],
15 silly audit   'minipass-sized': [ '2.0.0' ],
15 silly audit   minizlib: [ '3.1.0' ],
15 silly audit   'mute-stream': [ '4.0.0' ],
15 silly audit   negotiator: [ '1.0.0' ],
15 silly audit   'node-gyp': [ '13.0.0' ],
15 silly audit   nopt: [ '10.0.1' ],
15 silly audit   'npm-audit-report': [ '8.0.0' ],
15 silly audit   'npm-install-checks': [ '9.0.0' ],
15 silly audit   'npm-package-arg': [ '14.0.0' ],
15 silly audit   'npm-packlist': [ '11.3.0' ],
15 silly audit   'ignore-walk': [ '9.0.0' ],
15 silly audit   'npm-pick-manifest': [ '12.0.0' ],
15 silly audit   'npm-profile': [ '13.0.1' ],
15 silly audit   'npm-registry-fetch': [ '20.0.1' ],
15 silly audit   'npm-user-validate': [ '5.0.0' ],
15 silly audit   'p-map': [ '7.0.5' ],
15 silly audit   pacote: [ '22.0.0' ],
15 silly audit   'parse-conflict-json': [ '6.0.0' ],
15 silly audit   'path-scurry': [ '2.0.2' ],
15 silly audit   'postcss-selector-parser': [ '7.1.4' ],
15 silly audit   'proc-log': [ '7.0.0' ],
15 silly audit   proggy: [ '4.0.0' ],
15 silly audit   'promise-all-reject-late': [ '1.0.1' ],
15 silly audit   'promise-call-limit': [ '3.0.2' ],
15 silly audit   promzard: [ '4.0.0' ],
15 silly audit   'proxy-agent-negotiate': [ '1.1.0' ],
15 silly audit   read: [ '6.0.0' ],
15 silly audit   sigstore: [ '5.0.0' ],
15 silly audit   'smart-buffer': [ '4.2.0' ],
15 silly audit   socks: [ '2.8.9' ],
15 silly audit   'socks-proxy-agent': [ '10.1.0' ],
15 silly audit   'spdx-exceptions': [ '2.5.0' ],
15 silly audit   'spdx-expression-parse': [ '4.0.0' ],
15 silly audit   'spdx-license-ids': [ '3.0.23' ],
15 silly audit   ssri: [ '14.0.0' ],
15 silly audit   tar: [ '7.5.19' ],
15 silly audit   'text-table': [ '0.2.0' ],
15 silly audit   'tiny-relative-date': [ '2.0.2' ],
15 silly audit   tinyglobby: [ '0.2.17' ],
15 silly audit   fdir: [ '6.5.0' ],
15 silly audit   picomatch: [ '4.0.5' ],
15 silly audit   treeverse: [ '3.0.0' ],
15 silly audit   'tuf-js': [ '6.0.0' ],
15 silly audit   'validate-npm-package-name': [ '8.0.0' ],
15 silly audit   'walk-up-path': [ '4.0.0' ],
15 silly audit   'write-file-atomic': [ '8.0.0' ]
15 silly audit }
16 http fetch POST 200 https://registry.npmjs.org/-/npm/v1/security/advisories/bulk 425ms
17 silly audit report {
17 silly audit report   axios: [
17 silly audit report     {
17 silly audit report       id: 1111034,
17 silly audit report       url: 'https://github.com/advisories/GHSA-jr5f-v2jv-69x6',
17 silly audit report       title: 'axios Requests Vulnerable To Possible SSRF and Credential Leakage via Absolute URL',
17 silly audit report       severity: 'high',
17 silly audit report       vulnerable_versions: '<0.30.0',
17 silly audit report       cwe: [Array],
17 silly audit report       cvss: [Object]
17 silly audit report     },
17 silly audit report     {
17 silly audit report       id: 1119403,
17 silly audit report       url: 'https://github.com/advisories/GHSA-fvcv-3m26-pcqx',
17 silly audit report       title: 'Axios has Unrestricted Cloud Metadata Exfiltration via Header Injection Chain',
17 silly audit report       severity: 'moderate',
17 silly audit report       vulnerable_versions: '<0.31.0',
17 silly audit report       cwe: [Array],
17 silly audit report       cvss: [Object]
17 silly audit report     },
17 silly audit report     {
17 silly audit report       id: 1120124,
17 silly audit report       url: 'https://github.com/advisories/GHSA-62hf-57xw-28j9',
17 silly audit report       title: 'Axios: unbounded recursion in toFormData causes DoS via deeply nested request data',
17 silly audit report       severity: 'moderate',
17 silly audit report       vulnerable_versions: '<=0.31.0',
17 silly audit report       cwe: [Array],
17 silly audit report       cvss: [Object]
17 silly audit report     },
17 silly audit report     {
17 silly audit report       id: 1120546,
17 silly audit report       url: 'https://github.com/advisories/GHSA-hfxv-24rg-xrqf',
17 silly audit report       title: 'Axios: Regular Expression Denial of Service (ReDoS) via Cookie Name Injection',
17 silly audit report       severity: 'high',
17 silly audit report       vulnerable_versions: '<=0.31.1',
17 silly audit report       cwe: [Array],
17 silly audit report       cvss: [Object]
17 silly audit report     },
17 silly audit report     {
17 silly audit report       id: 1120644,
17 silly audit report       url: 'https://github.com/advisories/GHSA-p92q-9vqr-4j8v',
17 silly audit report       title: 'Axios: Proxy-Authorization Credential Leak to Origin Server Across HTTP-to-HTTPS Redirect in Axios Node.js HTTP Adapter',
17 silly audit report       severity: 'high',
17 silly audit report       vulnerable_versions: '<=0.31.1',
17 silly audit report       cwe: [Array],
17 silly audit report       cvss: [Object]
17 silly audit report     },
17 silly audit report     {
17 silly audit report       id: 1120646,
17 silly audit report       url: 'https://github.com/advisories/GHSA-j5f8-grm9-p9fc',
17 silly audit report       title: 'Axios: Proxy-Authorization header leaks to redirect target when proxy is re-evaluated to direct connection',
17 silly audit report       severity: 'high',
17 silly audit report       vulnerable_versions: '<=0.31.1',
17 silly audit report       cwe: [Array],
17 silly audit report       cvss: [Object]
17 silly audit report     },
17 silly audit report     {
17 silly audit report       id: 1120648,
17 silly audit report       url: 'https://github.com/advisories/GHSA-3g43-6gmg-66jw',
17 silly audit report       title: 'axios Vulnerable to Credential Theft and Response Hijacking via Prototype Pollution Gadget in Config Merge',
17 silly audit report       severity: 'high',
17 silly audit report       vulnerable_versions: '>=0.19.0 <0.31.1',
17 silly audit report       cwe: [Array],
17 silly audit report       cvss: [Object]
17 silly audit report     },
17 silly audit report     {
17 silly audit report       id: 1120651,
17 silly audit report       url: 'https://github.com/advisories/GHSA-898c-q2cr-xwhg',
17 silly audit report       title: 'axios has DoS & Header Injection via Prototype Pollution Read-Side Gadgets in axios merge functions',
17 silly audit report       severity: 'moderate',
17 silly audit report       vulnerable_versions: '<=0.31.1',
17 silly audit report       cwe: [Array],
17 silly audit report       cvss: [Object]
17 silly audit report     },
17 silly audit report     {
17 silly audit report       id: 1116672,
17 silly audit report       url: 'https://github.com/advisories/GHSA-3p68-rc4w-qgx5',
17 silly audit report       title: 'Axios has a NO_PROXY Hostname Normalization Bypass that Leads to SSRF',
17 silly audit report       severity: 'moderate',
17 silly audit report       vulnerable_versions: '<0.31.0',
17 silly audit report       cwe: [Array],
17 silly audit report       cvss: [Object]
17 silly audit report     },
17 silly audit report     {
17 silly audit report       id: 1117573,
17 silly audit report       url: 'https://github.com/advisories/GHSA-w9j2-pvgh-6h63',
17 silly audit report       title: 'Axios: Authentication Bypass via Prototype Pollution Gadget in `validateStatus` Merge Strategy',
17 silly audit report       severity: 'moderate',
17 silly audit report       vulnerable_versions: '<=0.31.0',
17 silly audit report       cwe: [Array],
17 silly audit report       cvss: [Object]
17 silly audit report     },
17 silly audit report     {
17 silly audit report       id: 1117575,
17 silly audit report       url: 'https://github.com/advisories/GHSA-pmwg-cvhr-8vh7',
17 silly audit report       title: 'Axios: Incomplete Fix for CVE-2025-62718 — NO_PROXY Protection Bypassed via RFC 1122 Loopback Subnet (127.0.0.0/8) in Axios 1.15.0',
17 silly audit report       severity: 'high',
17 silly audit report       vulnerable_versions: '<=0.31.0',
17 silly audit report       cwe: [Array],
17 silly audit report       cvss: [Object]
17 silly audit report     },
17 silly audit report     {
17 silly audit report       id: 1117579,
17 silly audit report       url: 'https://github.com/advisories/GHSA-xhjh-pmcv-23jw',
17 silly audit report       title: 'Axios: Null Byte Injection via Reverse-Encoding in AxiosURLSearchParams',
17 silly audit report       severity: 'low',
17 silly audit report       vulnerable_versions: '<=0.31.0',
17 silly audit report       cwe: [Array],
17 silly audit report       cvss: [Object]
17 silly audit report     },
17 silly audit report     {
17 silly audit report       id: 1117582,
17 silly audit report       url: 'https://github.com/advisories/GHSA-m7pr-hjqh-92cm',
17 silly audit report       title: 'Axios: no_proxy bypass via IP alias allows SSRF',
17 silly audit report       severity: 'moderate',
17 silly audit report       vulnerable_versions: '<=0.31.0',
17 silly audit report       cwe: [Array],
17 silly audit report       cvss: [Object]
17 silly audit report     },
17 silly audit report     {
17 silly audit report       id: 1117586,
17 silly audit report       url: 'https://github.com/advisories/GHSA-5c9x-8gcm-mpgx',
17 silly audit report       title: "Axios' HTTP adapter-streamed uploads bypass maxBodyLength when maxRedirects: 0",
17 silly audit report       severity: 'moderate',
17 silly audit report       vulnerable_versions: '<=0.31.0',
17 silly audit report       cwe: [Array],
17 silly audit report       cvss: [Object]
17 silly audit report     },
17 silly audit report     {
17 silly audit report       id: 1117588,
17 silly audit report       url: 'https://github.com/advisories/GHSA-vf2m-468p-8v99',
17 silly audit report       title: 'Axios: HTTP adapter streamed responses bypass maxContentLength',
17 silly audit report       severity: 'moderate',
17 silly audit report       vulnerable_versions: '<=0.31.0',
17 silly audit report       cwe: [Array],
17 silly audit report       cvss: [Object]
17 silly audit report     },
17 silly audit report     {
17 silly audit report       id: 1117590,
17 silly audit report       url: 'https://github.com/advisories/GHSA-pf86-5x62-jrwf',
17 silly audit report       title: 'Axios: Prototype Pollution Gadgets - Response Tampering, Data Exfiltration, and Request Hijacking',
17 silly audit report       severity: 'high',
17 silly audit report       vulnerable_versions: '<=0.31.0',
17 silly audit report       cwe: [Array],
17 silly audit report       cvss: [Object]
17 silly audit report     },
17 silly audit report     {
17 silly audit report       id: 1117592,
17 silly audit report       url: 'https://github.com/advisories/GHSA-6chq-wfr3-2hj9',
17 silly audit report       title: 'Axios: Header Injection via Prototype Pollution',
17 silly audit report       severity: 'high',
17 silly audit report       vulnerable_versions: '<=0.31.0',
17 silly audit report       cwe: [Array],
17 silly audit report       cvss: [Object]
17 silly audit report     },
17 silly audit report     {
17 silly audit report       id: 1117594,
17 silly audit report       url: 'https://github.com/advisories/GHSA-xx6v-rp6x-q39c',
17 silly audit report       title: 'Axios: XSRF Token Cross-Origin Leakage via Prototype Pollution Gadget in `withXSRFToken` Boolean Coercion',
17 silly audit report       severity: 'moderate',
17 silly audit report       vulnerable_versions: '<=0.31.0',
17 silly audit report       cwe: [Array],
17 silly audit report       cvss: [Object]
17 silly audit report     },
17 silly audit report     {
17 silly audit report       id: 1117857,
17 silly audit report       url: 'https://github.com/advisories/GHSA-43fc-jf86-j433',
17 silly audit report       title: 'Axios is Vulnerable to Denial of Service via __proto__ Key in mergeConfig',
17 silly audit report       severity: 'high',
17 silly audit report       vulnerable_versions: '<=0.30.2',
17 silly audit report       cwe: [Array],
17 silly audit report       cvss: [Object]
17 silly audit report     },
17 silly audit report     {
17 silly audit report       id: 1123825,
17 silly audit report       url: 'https://github.com/advisories/GHSA-pjwm-pj3p-43mv',
17 silly audit report       title: "axios's shouldBypassProxy does not recognize IPv4-mapped IPv6 addresses, allowing NO_PROXY bypass (incomplete fix for CVE-2025-62718)",
17 silly audit report       severity: 'high',
17 silly audit report       vulnerable_versions: '<=0.31.1',
17 silly audit report       cwe: [Array],
17 silly audit report       cvss: [Object]
17 silly audit report     },
17 silly audit report     {
17 silly audit report       id: 1097679,
17 silly audit report       url: 'https://github.com/advisories/GHSA-wf5p-g6vw-rhxx',
17 silly audit report       title: 'Axios Cross-Site Request Forgery Vulnerability',
17 silly audit report       severity: 'moderate',
17 silly audit report       vulnerable_versions: '>=0.8.1 <0.28.0',
17 silly audit report       cwe: [Array],
17 silly audit report       cvss: [Object]
17 silly audit report     },
17 silly audit report     {
17 silly audit report       id: 1147948,
17 silly audit report       url: 'https://github.com/advisories/GHSA-mmx7-hfxf-jppx',
17 silly audit report       title: 'Axios: Prototype pollution gadgets can alter axios request construction',
17 silly audit report       severity: 'moderate',
17 silly audit report       vulnerable_versions: '<0.33.0',
17 silly audit report       cwe: [Array],
17 silly audit report       cvss: [Object]
17 silly audit report     },
17 silly audit report     {
17 silly audit report       id: 1153181,
17 silly audit report       url: 'https://github.com/advisories/GHSA-7q8q-rj6j-mhjq',
17 silly audit report       title: 'Axios: Nested axios option objects can consume polluted prototype values',
17 silly audit report       severity: 'moderate',
17 silly audit report       vulnerable_versions: '>=0.8.0 <0.33.0',
17 silly audit report       cwe: [Array],
17 silly audit report       cvss: [Object]
17 silly audit report     }
17 silly audit report   ],
17 silly audit report   'brace-expansion': [
17 silly audit report     {
17 silly audit report       id: 1130591,
17 silly audit report       url: 'https://github.com/advisories/GHSA-mh99-v99m-4gvg',
17 silly audit report       title: 'brace-expansion: DoS via unbounded expansion length causing an out-of-memory process crash',
17 silly audit report       severity: 'high',
17 silly audit report       vulnerable_versions: '>=4.0.0 <5.0.8',
17 silly audit report       cwe: [Array],
17 silly audit report       cvss: [Object]
17 silly audit report     },
17 silly audit report     {
17 silly audit report       id: 1130734,
17 silly audit report       url: 'https://github.com/advisories/GHSA-rgw5-rvv9-x895',
17 silly audit report       title: 'brace-expansion: DoS via unbounded intermediate arrays, bypassing the CVE-2026-14257 mitigation',
17 silly audit report       severity: 'high',
17 silly audit report       vulnerable_versions: '>=4.0.0 <5.0.9',
17 silly audit report       cwe: [Array],
17 silly audit report       cvss: [Object]
17 silly audit report     }
17 silly audit report   ],
17 silly audit report   'file-type': [
17 silly audit report     {
17 silly audit report       id: 1114301,
17 silly audit report       url: 'https://github.com/advisories/GHSA-5v7r-6r5c-r473',
17 silly audit report       title: 'file-type affected by infinite loop in ASF parser on malformed input with zero-size sub-header',
17 silly audit report       severity: 'moderate',
17 silly audit report       vulnerable_versions: '>=13.0.0 <21.3.1',
17 silly audit report       cwe: [Array],
17 silly audit report       cvss: [Object]
17 silly audit report     }
17 silly audit report   ],
17 silly audit report   'image-size': [
17 silly audit report     {
17 silly audit report       id: 1138808,
17 silly audit report       url: 'https://github.com/advisories/GHSA-w3rx-r6r6-pgpr',
17 silly audit report       title: 'image-size: ICNS parser allows denial of service through an infinite loop',
17 silly audit report       severity: 'high',
17 silly audit report       vulnerable_versions: '<=2.0.2',
17 silly audit report       cwe: [Array],
17 silly audit report       cvss: [Object]
17 silly audit report     },
17 silly audit report     {
17 silly audit report       id: 1138809,
17 silly audit report       url: 'https://github.com/advisories/GHSA-5p2g-fcmc-qvqq',
17 silly audit report       title: 'image-size: JXL and HEIF parsers allow denial of service through infinite loops',
17 silly audit report       severity: 'high',
17 silly audit report       vulnerable_versions: '<=2.0.2',
17 silly audit report       cwe: [Array],
17 silly audit report       cvss: [Object]
17 silly audit report     }
17 silly audit report   ],
17 silly audit report   minimatch: [
17 silly audit report     {
17 silly audit report       id: 1113459,
17 silly audit report       url: 'https://github.com/advisories/GHSA-3ppc-4f35-3m26',
17 silly audit report       title: 'minimatch has a ReDoS via repeated wildcards with non-matching literal in pattern',
17 silly audit report       severity: 'high',
17 silly audit report       vulnerable_versions: '<3.1.3',
17 silly audit report       cwe: [Array],
17 silly audit report       cvss: [Object]
17 silly audit report     },
17 silly audit report     {
17 silly audit report       id: 1113538,
17 silly audit report       url: 'https://github.com/advisories/GHSA-7r86-cg39-jmmj',
17 silly audit report       title: 'minimatch has ReDoS: matchOne() combinatorial backtracking via multiple non-adjacent GLOBSTAR segments',
17 silly audit report       severity: 'high',
17 silly audit report       vulnerable_versions: '<3.1.3',
17 silly audit report       cwe: [Array],
17 silly audit report       cvss: [Object]
17 silly audit report     },
17 silly audit report     {
17 silly audit report       id: 1113546,
17 silly audit report       url: 'https://github.com/advisories/GHSA-23c5-xmqv-rm74',
17 silly audit report       title: 'minimatch ReDoS: nested *() extglobs generate catastrophically backtracking regular expressions',
17 silly audit report       severity: 'high',
17 silly audit report       vulnerable_versions: '<3.1.4',
17 silly audit report       cwe: [Array],
17 silly audit report       cvss: [Object]
17 silly audit report     }
17 silly audit report   ],
17 silly audit report   undici: [
17 silly audit report     {
17 silly audit report       id: 1130716,
17 silly audit report       url: 'https://github.com/advisories/GHSA-8xcm-r25x-g524',
17 silly audit report       title: 'undici vulnerable to downstream response desynchronization via retry interceptor',
17 silly audit report       severity: 'moderate',
17 silly audit report       vulnerable_versions: '<6.28.0',
17 silly audit report       cwe: [Array],
17 silly audit report       cvss: [Object]
17 silly audit report     },
17 silly audit report     {
17 silly audit report       id: 1130727,
17 silly audit report       url: 'https://github.com/advisories/GHSA-m8rv-5g2x-5cg5',
17 silly audit report       title: "undici vulnerable to CRLF Injection via blob-like body 'type' property",
17 silly audit report       severity: 'moderate',
17 silly audit report       vulnerable_versions: '<6.28.0',
17 silly audit report       cwe: [Array],
17 silly audit report       cvss: [Object]
17 silly audit report     },
17 silly audit report     {
17 silly audit report       id: 1130732,
17 silly audit report       url: 'https://github.com/advisories/GHSA-v3r7-h72x-cjcm',
17 silly audit report       title: 'undici vulnerable to cookie attribute injection via unsanitized domain and unparsed setCookie fields',
17 silly audit report       severity: 'moderate',
17 silly audit report       vulnerable_versions: '<6.28.0',
17 silly audit report       cwe: [Array],
17 silly audit report       cvss: [Object]
17 silly audit report     }
17 silly audit report   ],
17 silly audit report   sharp: [
17 silly audit report     {
17 silly audit report       id: 1094888,
17 silly audit report       url: 'https://github.com/advisories/GHSA-54xq-cgqr-rpm3',
17 silly audit report       title: 'sharp vulnerability in libwebp dependency CVE-2023-4863',
17 silly audit report       severity: 'high',
17 silly audit report       vulnerable_versions: '<0.32.6',
17 silly audit report       cwe: [],
17 silly audit report       cvss: [Object]
17 silly audit report     },
17 silly audit report     {
17 silly audit report       id: 1124066,
17 silly audit report       url: 'https://github.com/advisories/GHSA-f88m-g3jw-g9cj',
17 silly audit report       title: 'sharp inherited vulnerabilities in libvips: CVE-2026-33327, CVE-2026-33328, CVE-2026-35590, CVE-2026-35591',
17 silly audit report       severity: 'high',
17 silly audit report       vulnerable_versions: '<0.35.0',
17 silly audit report       cwe: [Array],
17 silly audit report       cvss: [Object]
17 silly audit report     }
17 silly audit report   ],
17 silly audit report   'ip-address': [
17 silly audit report     {
17 silly audit report       id: 1130722,
17 silly audit report       url: 'https://github.com/advisories/GHSA-mwp4-54f8-5fhr',
17 silly audit report       title: 'ip-address: Address4 decodes leading-zero octets as decimal while resolvers decode them as octal, allowing SSRF and trust-boundary bypass',
17 silly audit report       severity: 'high',
17 silly audit report       vulnerable_versions: '<=10.3.0',
17 silly audit report       cwe: [Array],
17 silly audit report       cvss: [Object]
17 silly audit report     },
17 silly audit report     {
17 silly audit report       id: 1130723,
17 silly audit report       url: 'https://github.com/advisories/GHSA-4xrf-jv44-h6hh',
17 silly audit report       title: 'ip-address: a CIDR suffix on the parsed address suppresses special-use classification and can bypass SSRF and trust-boundary checks',
17 silly audit report       severity: 'moderate',
17 silly audit report       vulnerable_versions: '>=10.1.1 <=10.2.1',
17 silly audit report       cwe: [Array],
17 silly audit report       cvss: [Object]
17 silly audit report     },
17 silly audit report     {
17 silly audit report       id: 1130724,
17 silly audit report       url: 'https://github.com/advisories/GHSA-22jq-vg5j-6vgg',
17 silly audit report       title: 'ip-address: misclassification of IPv4-mapped/NAT64 IPv6 addresses can bypass SSRF and trust-boundary checks',
17 silly audit report       severity: 'moderate',
17 silly audit report       vulnerable_versions: '>=10.1.1 <=10.2.0',
17 silly audit report       cwe: [Array],
17 silly audit report       cvss: [Object]
17 silly audit report     }
17 silly audit report   ],
17 silly audit report   tar: [
17 silly audit report     {
17 silly audit report       id: 1145647,
17 silly audit report       url: 'https://github.com/advisories/GHSA-r292-9mhp-454m',
17 silly audit report       title: 'node-tar: Uncontrolled recursion in mapHas/filesFilter allows uncatchable stack-overflow DoS via crafted long-path tar with member selection',
17 silly audit report       severity: 'high',
17 silly audit report       vulnerable_versions: '<=7.5.20',
17 silly audit report       cwe: [Array],
17 silly audit report       cvss: [Object]
17 silly audit report     }
17 silly audit report   ]
17 silly audit report }
18 silly packumentCache corgi:https://registry.npmjs.org/axios cache-miss
19 silly packumentCache corgi:https://registry.npmjs.org/brace-expansion cache-miss
20 silly packumentCache corgi:https://registry.npmjs.org/file-type cache-miss
21 silly packumentCache corgi:https://registry.npmjs.org/image-size cache-miss
22 silly packumentCache corgi:https://registry.npmjs.org/minimatch cache-miss
23 silly packumentCache corgi:https://registry.npmjs.org/undici cache-miss
24 silly packumentCache corgi:https://registry.npmjs.org/sharp cache-miss
25 silly packumentCache corgi:https://registry.npmjs.org/ip-address cache-miss
26 silly packumentCache corgi:https://registry.npmjs.org/tar cache-miss
27 http cache https://registry.npmjs.org/brace-expansion 31ms (cache hit)
28 silly packumentCache corgi:https://registry.npmjs.org/brace-expansion set size:34964 disposed:false
29 http cache https://registry.npmjs.org/image-size 31ms (cache hit)
30 silly packumentCache corgi:https://registry.npmjs.org/image-size set size:76086 disposed:false
31 http cache https://registry.npmjs.org/file-type 34ms (cache hit)
32 silly packumentCache corgi:https://registry.npmjs.org/file-type set size:199482 disposed:false
33 http cache https://registry.npmjs.org/undici 35ms (cache hit)
34 silly packumentCache corgi:https://registry.npmjs.org/undici set size:460929 disposed:false
35 http cache https://registry.npmjs.org/minimatch 42ms (cache hit)
36 silly packumentCache corgi:https://registry.npmjs.org/minimatch set size:169442 disposed:false
37 http cache https://registry.npmjs.org/ip-address 43ms (cache hit)
38 silly packumentCache corgi:https://registry.npmjs.org/ip-address set size:83310 disposed:false
39 http cache https://registry.npmjs.org/sharp 45ms (cache hit)
40 silly packumentCache corgi:https://registry.npmjs.org/sharp set size:296651 disposed:false
41 http cache https://registry.npmjs.org/axios 53ms (cache hit)
42 silly packumentCache corgi:https://registry.npmjs.org/axios set size:301538 disposed:false
43 http cache https://registry.npmjs.org/tar 60ms (cache hit)
44 silly packumentCache corgi:https://registry.npmjs.org/tar set size:208035 disposed:false
45 silly packumentCache corgi:https://registry.npmjs.org/wa-sticker-formatter cache-miss
46 http cache https://registry.npmjs.org/wa-sticker-formatter 3ms (cache hit)
47 silly packumentCache corgi:https://registry.npmjs.org/wa-sticker-formatter set size:77857 disposed:false
48 silly packumentCache corgi:https://registry.npmjs.org/redstar cache-miss
49 http cache https://registry.npmjs.org/redstar 2ms (cache hit)
50 silly packumentCache corgi:https://registry.npmjs.org/redstar set size:1262 disposed:false
51 silly packumentCache corgi:https://registry.npmjs.org/node-gyp cache-miss
52 http cache https://registry.npmjs.org/node-gyp 2ms (cache hit)
53 silly packumentCache corgi:https://registry.npmjs.org/node-gyp set size:163419 disposed:false
54 silly packumentCache corgi:https://registry.npmjs.org/socks cache-miss
55 http cache https://registry.npmjs.org/socks 2ms (cache hit)
56 silly packumentCache corgi:https://registry.npmjs.org/socks set size:67907 disposed:false
57 silly packumentCache corgi:https://registry.npmjs.org/npm cache-miss
58 silly packumentCache corgi:https://registry.npmjs.org/libnpmdiff cache-miss
59 silly packumentCache corgi:https://registry.npmjs.org/pacote cache-miss
60 http cache https://registry.npmjs.org/libnpmdiff 5ms (cache hit)
61 silly packumentCache corgi:https://registry.npmjs.org/libnpmdiff set size:121343 disposed:false
62 http cache https://registry.npmjs.org/npm 16ms (cache hit)
63 silly packumentCache corgi:https://registry.npmjs.org/npm set size:2448080 disposed:false
64 http cache https://registry.npmjs.org/pacote 35ms (cache hit)
65 silly packumentCache corgi:https://registry.npmjs.org/pacote set size:403023 disposed:false
66 silly packumentCache corgi:https://registry.npmjs.org/node-fzf cache-miss
67 http cache https://registry.npmjs.org/node-fzf 2ms (cache hit)
68 silly packumentCache corgi:https://registry.npmjs.org/node-fzf set size:42290 disposed:false
69 silly packumentCache corgi:https://registry.npmjs.org/yt-search cache-miss
70 http cache https://registry.npmjs.org/yt-search 4ms (cache hit)
71 silly packumentCache corgi:https://registry.npmjs.org/yt-search set size:126336 disposed:false
72 verbose cwd /home/container
73 verbose os Linux 5.15.0-186-generic
74 verbose node v22.23.0
75 verbose npm  v11.17.0
76 verbose exit 0
77 info ok
